2026-08-27 15:34:19.276 +07 [40043] LOG:  starting PostgreSQL 17.11 (Debian 17.11-0+deb13u1) on x86_64-pc-linux-gnu, compiled by gcc (Debian 14.2.0-19) 14.2.0, 64-bit
2026-08-27 15:34:19.277 +07 [40043] LOG:  listening on IPv6 address "::1", port 5432
2026-08-27 15:34:19.277 +07 [40043] LOG:  listening on IPv4 address "127.0.0.1", port 5432
2026-08-27 15:34:19.278 +07 [40043] FATAL:  could not create lock file "/var/run/postgresql/.s.PGSQL.5432.lock": Permission denied
2026-08-27 15:34:19.280 +07 [40043] LOG:  database system is shut down
2026-08-27 15:34:28.099 +07 [40090] LOG:  starting PostgreSQL 17.11 (Debian 17.11-0+deb13u1) on x86_64-pc-linux-gnu, compiled by gcc (Debian 14.2.0-19) 14.2.0, 64-bit
2026-08-27 15:34:28.099 +07 [40090] LOG:  listening on IPv6 address "::1", port 5432
2026-08-27 15:34:28.099 +07 [40090] LOG:  listening on IPv4 address "127.0.0.1", port 5432
2026-08-27 15:34:28.101 +07 [40090] LOG:  listening on Unix socket "/home/nnam09/PTIT/Kada/Studen_Fife/backend/postgres_data/.s.PGSQL.5432"
2026-08-27 15:34:28.105 +07 [40093] LOG:  database system was shut down at 2026-08-27 15:09:13 +07
2026-08-27 15:34:28.110 +07 [40090] LOG:  database system is ready to accept connections
2026-08-27 15:34:37.838 +07 [40140] FATAL:  database "nnam09" does not exist
2026-08-27 15:39:28.206 +07 [40091] LOG:  checkpoint starting: time
2026-08-27 15:41:09.087 +07 [40091] LOG:  checkpoint complete: wrote 992 buffers (6.1%); 0 WAL file(s) added, 0 removed, 0 recycled; write=100.753 s, sync=0.120 s, total=100.882 s; sync files=341, longest=0.002 s, average=0.001 s; distance=4717 kB, estimate=4717 kB; lsn=0/198A518, redo lsn=0/198A488
2026-08-27 16:18:26.975 +07 [40090] LOG:  received smart shutdown request
2026-08-27 16:18:26.987 +07 [40090] LOG:  background worker "logical replication launcher" (PID 40096) exited with exit code 1
2026-08-27 16:18:27.004 +07 [40091] LOG:  shutting down
2026-08-27 16:18:27.009 +07 [40091] LOG:  checkpoint starting: shutdown immediate
2026-08-27 16:18:27.058 +07 [40091] LOG:  checkpoint complete: wrote 0 buffers (0.0%); 0 WAL file(s) added, 0 removed, 0 recycled; write=0.024 s, sync=0.001 s, total=0.054 s; sync files=0, longest=0.000 s, average=0.000 s; distance=0 kB, estimate=4245 kB; lsn=0/198A5C8, redo lsn=0/198A5C8
2026-08-27 16:18:27.072 +07 [40090] LOG:  database system is shut down
